     1                                  ; rect.asm
     2                                  
     3                                  section .data
     4                                  section .bss
     5                                  section .text
     6                                  
     7                                  ;-------------------------------------------------------------------------------------------------------------------------------------------------------
     8                                  
     9                                  global r_area
    10                                  
    11                                  r_area:
    12                                  	section .text
    13 00000000 55                      	push rbp
    14 00000001 4889E5                  	mov rbp, rsp
    15 00000004 4889F0                  		mov rax, rsi
    16 00000007 480FAFC7                		imul rax, rdi
    17 0000000B 4889EC                  	mov rsp, rbp
    18 0000000E 5D                      	pop rbp
    19 0000000F C3                      	ret
    20                                  
    21                                  ;-------------------------------------------------------------------------------------------------------------------------------------------------------------------------------------------------------------------------------------------------------------------------------------------------------------------------------
    22                                  
    23                                  global r_circum
    24                                  
    25                                  r_circum:
    26                                  	section .text
    27 00000010 55                      	push rbp
    28 00000011 4889E5                  	mov rbp, rsp
    29 00000014 4889F0                  		mov rax, rsi
    30 00000017 4801F8                  		add rax, rdi
    31 0000001A 4801C0                  		add rax, rax
    32 0000001D 4889EC                  	mov rsp, rbp
    33 00000020 5D                      	pop rbp
    34 00000021 C3                      	ret
