     1                                  ; read.asm
     2                                  
     3                                  section .data
     4 00000000 456E7465722061206E-     	prompt db "Enter a number: ",10,0
     4 00000009 756D6265723A200A00 
     5                                  	prompt_len equ $ - prompt
     6 00000012 14                      	buffer db 20
     7                                  	buffer_len equ 20
     8                                  
     9                                  section .bss
    10                                  
    11                                  section .text
    12                                  	global main
    13                                  
    14                                  main:
    15 00000000 55                      	push rbp
    16 00000001 4889E5                  	mov rbp, rsp
    17                                  
    18 00000004 B801000000              	mov rax, 1		;system call for write
    19 00000009 BF01000000              	mov rdi, 1		;represents stdout
    20 0000000E 48BE-                   	mov rsi, prompt
    20 00000010 [0000000000000000] 
    21 00000018 BA12000000              	mov rdx, prompt_len
    22 0000001D 0F05                    	syscall
    23                                  
    24                                  	;reading----------------------------------------------------------------------------------------------------------------
    25                                  
    26 0000001F B800000000              	mov rax, 0
    27 00000024 BF00000000              	mov rdi, 0
    28 00000029 48BE-                   	mov rsi, buffer
    28 0000002B [1200000000000000] 
    29 00000033 BA14000000              	mov rdx, buffer_len
    30 00000038 0F05                    	syscall
    31                                  
    32                                  	;printing-------------------------------------------------------------------------------------------------------------------------------------------------------------------------------------------------------------------------------------------------------------------------------------
    33                                  
    34 0000003A B801000000              	mov rax, 1
    35 0000003F BF01000000              	mov rdi, 1
    36 00000044 48BE-                   	mov rsi, buffer
    36 00000046 [1200000000000000] 
    37 0000004E 0F05                    	syscall
    38                                  
    39 00000050 4889EC                  	mov rsp, rbp
    40 00000053 5D                      	pop rbp
    41 00000054 C3                      	ret
